
> control-de-puntos@0.1.0 test
> jest --config jest.config.cjs --runInBand buildDailyEffectiveContext

node.exe : FAIL __t
ests__/domain/swaps
/buildDailyEffectiv
eContext.test.ts
En línea: 1 
Carácter: 1
+ & "C:\Program Fil
es\nodejs/node.exe"
 "C:\Program Files\
nodejs/node_mo ...
+ ~~~~~~~~~~~~~~~~~
~~~~~~~~~~~~~~~~~~~
~~~~~~~~~~~~~~~~~~~
~~~~~~~~~~~~~~
    + CategoryInfo 
             : No  
  tSpecified: (F   
 AIL __tests__/    
...Context.tes    
t.ts:String) [    
], RemoteExcep    
tion
    + FullyQualifi 
   edErrorId : Na  
  tiveCommandErr   
 or
 
  buildDailyEffecti
veContext
    ÔêÜ calcula 
turnos base 
correctamente sin 
swaps (3 ms)
    ÔêÜ calcula 
turnos efectivos 
despu├®s de un 
COVER (1 ms)
    ÔêÜ ƒÜ¿ BUG 
CR├ìTICO: detecta 
doble cobertura 
del mismo turno (2 
ms)
    ├ù detecta 
bloqueo por 
VACACIONES (4 ms)
    ÔêÜ calcula 
correctamente con 
perfil BOTH (1 ms)

  ÔùÅ buildDailyEff
ectiveContext ÔÇ║ 
detecta bloqueo 
por VACACIONES

    expect(received
).toBe(expected) 
// Object.is 
equality

    Expected: true
    Received: false

    [0m [90m 269 
|[39m         })
     [90m 270 
|[39m
    [31m[1m>[22m
[39m[90m 271 
|[39m         expe
ct(context[33m.[3
9mdaily[[32m'ana'
[39m][33m.[39misB
locked)[33m.[39mt
oBe([36mtrue[39m)
     [90m     
|[39m             
                   
                [3
1m[1m^[22m[39m
     [90m 272 
|[39m         expe
ct(context[33m.[3
9mdaily[[32m'ana'
[39m][33m.[39meff
ectiveShifts)[33m.
[39mtoEqual([36mn
ew[39m 
[33mSet[39m())
     [90m 273 
|[39m     })
     [90m 274 
|[39m[0m

      at 
Object.<anonymous> 
(__tests__/domain/s
waps/buildDailyEffe
ctiveContext.test.t
s:271:48)

Test Suites: 1 
failed, 1 total
Tests:       1 
failed, 4 passed, 
5 total
Snapshots:   0 
total
Time:        1.779 
s
Ran all test 
suites matching /bu
ildDailyEffectiveCo
ntext/i.
